<?php return array (
  0 => 'Symfony\\Bundle\\FrameworkBundle\\Controller\\AbstractController',
  1 => 'JsonSchema\\Entity\\JsonPointer',
  2 => 'Shopware\\Administration\\Controller\\AdministrationController',
  3 => 'Shopware\\Core\\Checkout\\Document\\Controller\\DocumentController',
  4 => 'Shopware\\Core\\Checkout\\Payment\\Controller\\PaymentController',
  5 => 'Shopware\\Core\\Content\\ImportExport\\Controller\\ImportExportActionController',
  6 => 'Shopware\\Core\\Content\\ImportExport\\DataAbstractionLayer\\Serializer\\Entity\\AbstractEntitySerializer',
  7 => 'Shopware\\Core\\Content\\ImportExport\\DataAbstractionLayer\\Serializer\\Entity\\EntitySerializer',
  8 => 'Shopware\\Core\\Content\\ImportExport\\DataAbstractionLayer\\Serializer\\Entity\\MediaSerializer',
  9 => 'Shopware\\Core\\Content\\ImportExport\\DataAbstractionLayer\\Serializer\\Entity\\ProductCrossSellingSerializer',
  10 => 'Shopware\\Core\\Content\\ImportExport\\DataAbstractionLayer\\Serializer\\Entity\\ProductSerializer',
  11 => 'Shopware\\Core\\Content\\ImportExport\\DataAbstractionLayer\\Serializer\\Entity\\SalutationSerializer',
  12 => 'Shopware\\Core\\Content\\Seo\\Entity\\Dbal\\SeoUrlAssociationFieldResolver',
  13 => 'Shopware\\Core\\Content\\Seo\\Entity\\Field\\SeoUrlAssociationField',
  14 => 'Shopware\\Core\\Content\\Seo\\Entity\\Serializer\\SeoUrlFieldSerializer',
  15 => 'Shopware\\Core\\Framework\\Api\\Controller\\AccessKeyController',
  16 => 'Shopware\\Core\\Framework\\Api\\Controller\\AclController',
  17 => 'Shopware\\Core\\Framework\\Api\\Controller\\ApiController',
  18 => 'Shopware\\Core\\Framework\\Api\\Controller\\AuthController',
  19 => 'Shopware\\Core\\Framework\\Api\\Controller\\CacheController',
  20 => 'Shopware\\Core\\Framework\\Api\\Controller\\CaptchaController',
  21 => 'Shopware\\Core\\Framework\\Api\\Controller\\Exception\\ExpectedUserHttpException',
  22 => 'Shopware\\Core\\Framework\\Api\\Controller\\Exception\\PermissionDeniedException',
  23 => 'Shopware\\Core\\Framework\\Api\\Controller\\FallbackController',
  24 => 'Shopware\\Core\\Framework\\Api\\Controller\\IndexingController',
  25 => 'Shopware\\Core\\Framework\\Api\\Controller\\InfoController',
  26 => 'Shopware\\Core\\Framework\\Api\\Controller\\IntegrationController',
  27 => 'Shopware\\Core\\Framework\\Api\\Controller\\SalesChannelProxyController',
  28 => 'Shopware\\Core\\Framework\\Api\\Controller\\SyncController',
  29 => 'Shopware\\Core\\Framework\\Api\\Controller\\UserController',
  30 => 'Shopware\\Core\\Profiling\\Entity\\EntityAggregatorProfiler',
  31 => 'Shopware\\Core\\Profiling\\Entity\\EntityReaderProfiler',
  32 => 'Shopware\\Core\\Profiling\\Entity\\EntitySearcherProfiler',
  33 => 'Shopware\\Core\\System\\SalesChannel\\Entity\\SalesChannelDefinitionInstanceRegistry',
  34 => 'Shopware\\Core\\System\\SalesChannel\\Entity\\SalesChannelDefinitionInterface',
  35 => 'Shopware\\Core\\System\\SalesChannel\\Entity\\SalesChannelEntityAggregationResultLoadedEvent',
  36 => 'Shopware\\Core\\System\\SalesChannel\\Entity\\SalesChannelEntityIdSearchResultLoadedEvent',
  37 => 'Shopware\\Core\\System\\SalesChannel\\Entity\\SalesChannelEntityLoadedEvent',
  38 => 'Shopware\\Core\\System\\SalesChannel\\Entity\\SalesChannelEntitySearchResultLoadedEvent',
  39 => 'Shopware\\Core\\System\\SalesChannel\\Entity\\SalesChannelRepository',
  40 => 'Shopware\\Core\\System\\SalesChannel\\Entity\\SalesChannelRepositoryInterface',
  41 => 'Shopware\\Storefront\\Controller\\AccountOrderController',
  42 => 'Shopware\\Storefront\\Controller\\AccountPaymentController',
  43 => 'Shopware\\Storefront\\Controller\\AccountProfileController',
  44 => 'Shopware\\Storefront\\Controller\\AddressController',
  45 => 'Shopware\\Storefront\\Controller\\AuthController',
  46 => 'Shopware\\Storefront\\Controller\\CaptchaController',
  47 => 'Shopware\\Storefront\\Controller\\CartLineItemController',
  48 => 'Shopware\\Storefront\\Controller\\CheckoutController',
  49 => 'Shopware\\Storefront\\Controller\\CmsController',
  50 => 'Shopware\\Storefront\\Controller\\ContextController',
  51 => 'Shopware\\Storefront\\Controller\\CookieController',
  52 => 'Shopware\\Storefront\\Controller\\CountryStateController',
  53 => 'Shopware\\Storefront\\Controller\\CsrfController',
  54 => 'Shopware\\Storefront\\Controller\\DocumentController',
  55 => 'Shopware\\Storefront\\Controller\\ErrorController',
  56 => 'Shopware\\Storefront\\Controller\\FormController',
  57 => 'Shopware\\Storefront\\Controller\\LandingPageController',
  58 => 'Shopware\\Storefront\\Controller\\MaintenanceController',
  59 => 'Shopware\\Storefront\\Controller\\NavigationController',
  60 => 'Shopware\\Storefront\\Controller\\NewsletterController',
  61 => 'Shopware\\Storefront\\Controller\\ProductController',
  62 => 'Shopware\\Storefront\\Controller\\RegisterController',
  63 => 'Shopware\\Storefront\\Controller\\SearchController',
  64 => 'Shopware\\Storefront\\Controller\\SitemapController',
  65 => 'Shopware\\Storefront\\Controller\\StoreApiProxyController',
  66 => 'Shopware\\Storefront\\Controller\\StorefrontController',
  67 => 'Shopware\\Storefront\\Controller\\VerificationHashController',
  68 => 'Shopware\\Storefront\\Controller\\WishlistController',
  69 => 'Shopware\\Storefront\\Theme\\Controller\\ThemeController',
  71 => 'Symfony\\Bundle\\FrameworkBundle\\Controller\\ControllerResolver',
  72 => 'Symfony\\Bundle\\FrameworkBundle\\Controller\\RedirectController',
  73 => 'Symfony\\Bundle\\FrameworkBundle\\Controller\\TemplateController',
  74 => 'Symfony\\Bundle\\WebProfilerBundle\\Controller\\ExceptionPanelController',
  75 => 'Symfony\\Bundle\\WebProfilerBundle\\Controller\\ProfilerController',
  76 => 'Symfony\\Bundle\\WebProfilerBundle\\Controller\\RouterController',
  77 => 'Symfony\\Component\\HttpKernel\\Controller\\ArgumentResolver',
  78 => 'Symfony\\Component\\HttpKernel\\Controller\\ArgumentResolverInterface',
  79 => 'Symfony\\Component\\HttpKernel\\Controller\\ArgumentResolver\\DefaultValueResolver',
  80 => 'Symfony\\Component\\HttpKernel\\Controller\\ArgumentResolver\\NotTaggedControllerValueResolver',
  81 => 'Symfony\\Component\\HttpKernel\\Controller\\ArgumentResolver\\RequestAttributeValueResolver',
  82 => 'Symfony\\Component\\HttpKernel\\Controller\\ArgumentResolver\\RequestValueResolver',
  83 => 'Symfony\\Component\\HttpKernel\\Controller\\ArgumentResolver\\ServiceValueResolver',
  84 => 'Symfony\\Component\\HttpKernel\\Controller\\ArgumentResolver\\SessionValueResolver',
  85 => 'Symfony\\Component\\HttpKernel\\Controller\\ArgumentResolver\\TraceableValueResolver',
  86 => 'Symfony\\Component\\HttpKernel\\Controller\\ArgumentResolver\\VariadicValueResolver',
  87 => 'Symfony\\Component\\HttpKernel\\Controller\\ArgumentValueResolverInterface',
  88 => 'Symfony\\Component\\HttpKernel\\Controller\\ContainerControllerResolver',
  89 => 'Symfony\\Component\\HttpKernel\\Controller\\ControllerReference',
  90 => 'Symfony\\Component\\HttpKernel\\Controller\\ControllerResolver',
  91 => 'Symfony\\Component\\HttpKernel\\Controller\\ControllerResolverInterface',
  92 => 'Symfony\\Component\\HttpKernel\\Controller\\ErrorController',
  93 => 'Symfony\\Component\\HttpKernel\\Controller\\TraceableArgumentResolver',
  94 => 'Symfony\\Component\\HttpKernel\\Controller\\TraceableControllerResolver',
);